// Vitest Snapshot v1, https://vitest.dev/guide/snapshot.html

exports[`public package interface > snapshots the TypeScript declaration surface 1`] = `
"export { createConversationRuntime } from "./runtime/conversation-runtime.js";
export type { ConversationRuntime, ConversationRuntimeOptions } from "./runtime/types.js";
export { createConversationEvent, createConversationMessage, createOfficeAddress, createWorkspace, officeKey, } from "./office/index.js";
export type { Office, Workspace } from "./office/types.js";
export type { ChatToolResult, ConversationContext, ConversationEvent, ConversationKind, ConversationMessage, ConversationResponder, HandleNewCommandOptions, MessagingBot, MessagingEventHandler, MessagingInfo, OfficeAddress, OfficeKey, PlatformName, RunningSession, } from "./types.js";
export { defaultCommandHandlers } from "./adapters/commands/registry.js";
export type { CommandContext, CommandHandler, CommandServices } from "./adapters/commands/types.js";
export { MikanModels } from "./harness/models.js";
export type { CreateMikanModelsOptions } from "./harness/types.js";
export type { SandboxConfig } from "./sandbox/types.js";"
`;
